---
source: tests/testenv/mod.rs
expression: "Command::cargo_bin(\"projection\").unwrap().arg(\"-d\").arg(&format!(\"{}\", self .\n                                                                 temp_dir .\n                                                                 path () .\n                                                                 display\n                                                                 ())).args(args).assert()"
---
Assert {
    output: Output {
        status: ExitStatus(
            ExitStatus(
                0,
            ),
        ),
        stdout: "Cloning brettm12345/xmonad-config...\nSuccessfully added brettm12345/xmonad-config to projects\n",
        stderr: "",
    },
}
