---
source: src/main.rs
expression: "cmd.arg(\"-d\").arg(dir.path().to_owned()).arg(\"add\").arg(\"gh:brettm12345/projection\").assert()"
---
Assert {
    output: Output {
        status: ExitStatus(
            ExitStatus(
                0,
            ),
        ),
        stdout: "Successfully added brettm12345/projection to projects\n",
        stderr: "",
    },
}
